EPI_SEQ Input Structure	EPI_SEQ Epitope ID	EPI_SEQ Input Structure Seq Start Pos	EPI_SEQ Input Structure Seq Stop Pos	EPI_SEQ Epitope Start Pos	EPI_SEQ Epitope End Pos	EPI_SEQ Aln Input Struc Seq	EPI_SEQ Aln Epitope Seq	EPI_SEQ Evalue	EPI_SEQ Qcov	EPI_SEQ Pident	EPI_SEQ Epitope Taxid	EPI_SEQ Span Ranges	EPI_SEQ Aln Cigar	EPI_SEQ Span Lengths	EPI_SEQ Span Seqs	PDB_DSSP Input Struc ASA	mmCIF_SEQ Input Struc Solv Seq	mmCIF_SEQ Input Struc Res Nums	IEDB_FILT Epitope Seq	IEDB_FILT Source Seq Acc	IEDB_FILT Start Pos	IEDB_FILT Stop Pos	IEDB_FILT Source Title	IEDB_FILT Source Org
